resolving dependencies...
looking for conflicting packages...

Package (1)                        New Version              Net Change  Download Size

extra/adobe-source-code-pro-fonts  2.042u+1.062i+1.026vf-2    1.86 MiB       0.91 MiB

Total Download Size:   0.91 MiB
Total Installed Size:  1.86 MiB

:: Proceed with installation? [Y/n] 
:: Retrieving packages...
 adobe-source-code-pro-fonts-2.042u+1.062i+1.026vf-2-any downloading...
checking keyring...
checking package integrity...
loading package files...
checking for file conflicts...
checking available disk space...
:: Running pre-transaction hooks...
(1/2) Performing snapper pre snapshots for the following configurations...
==> root: 84
(2/2) Waiting for limine-snapper-sync to finish...
:: Processing package changes...
installing adobe-source-code-pro-fonts...
:: Running post-transaction hooks...
(1/3) Arming ConditionNeedsUpdate...
(2/3) Updating fontconfig cache...
(3/3) Performing snapper post snapshots for the following configurations...
==> root: 85
resolving dependencies...
looking for conflicting packages...

Package (1)             New Version  Net Change  Download Size

extra/otf-font-awesome  7.2.0-1        0.69 MiB       0.30 MiB

Total Download Size:   0.30 MiB
Total Installed Size:  0.69 MiB

:: Proceed with installation? [Y/n] 
:: Retrieving packages...
 otf-font-awesome-7.2.0-1-any downloading...
checking keyring...
checking package integrity...
loading package files...
checking for file conflicts...
checking available disk space...
:: Running pre-transaction hooks...
(1/2) Performing snapper pre snapshots for the following configurations...
==> root: 86
(2/2) Waiting for limine-snapper-sync to finish...
:: Processing package changes...
installing otf-font-awesome...
:: Running post-transaction hooks...
(1/3) Arming ConditionNeedsUpdate...
(2/3) Updating fontconfig cache...
(3/3) Performing snapper post snapshots for the following configurations...
==> root: 87
resolving dependencies...
looking for conflicting packages...

Package (1)      New Version  Net Change  Download Size

extra/ttf-droid  20121017-11   15.31 MiB       3.93 MiB

Total Download Size:    3.93 MiB
Total Installed Size:  15.31 MiB

:: Proceed with installation? [Y/n] 
:: Retrieving packages...
 ttf-droid-20121017-11-any downloading...
error: failed retrieving file 'ttf-droid-20121017-11-any.pkg.tar.zst' from mirrors.tuna.tsinghua.edu.cn : Connection timed out after 10003 milliseconds
checking keyring...
checking package integrity...
loading package files...
checking for file conflicts...
checking available disk space...
:: Running pre-transaction hooks...
(1/2) Performing snapper pre snapshots for the following configurations...
==> root: 88
(2/2) Waiting for limine-snapper-sync to finish...
:: Processing package changes...
installing ttf-droid...
:: Running post-transaction hooks...
(1/4) Arming ConditionNeedsUpdate...
(2/4) Updating fontconfig configuration...
(3/4) Updating fontconfig cache...
(4/4) Performing snapper post snapshots for the following configurations...
==> root: 89
resolving dependencies...
looking for conflicting packages...

Package (1)          New Version  Net Change  Download Size

extra/ttf-fira-code  6.2-3          1.69 MiB       0.41 MiB

Total Download Size:   0.41 MiB
Total Installed Size:  1.69 MiB

:: Proceed with installation? [Y/n] 
:: Retrieving packages...
 ttf-fira-code-6.2-3-any downloading...
checking keyring...
checking package integrity...
loading package files...
checking for file conflicts...
checking available disk space...
:: Running pre-transaction hooks...
(1/2) Performing snapper pre snapshots for the following configurations...
==> root: 90
(2/2) Waiting for limine-snapper-sync to finish...
:: Processing package changes...
installing ttf-fira-code...
:: Running post-transaction hooks...
(1/3) Arming ConditionNeedsUpdate...
(2/3) Updating fontconfig cache...
(3/3) Performing snapper post snapshots for the following configurations...
==> root: 91
resolving dependencies...
looking for conflicting packages...

Package (1)               New Version  Net Change  Download Size

extra/ttf-jetbrains-mono  2.304-2        7.44 MiB       0.80 MiB

Total Download Size:   0.80 MiB
Total Installed Size:  7.44 MiB

:: Proceed with installation? [Y/n] 
:: Retrieving packages...
 ttf-jetbrains-mono-2.304-2-any downloading...
checking keyring...
checking package integrity...
loading package files...
checking for file conflicts...
checking available disk space...
:: Running pre-transaction hooks...
(1/2) Performing snapper pre snapshots for the following configurations...
==> root: 92
(2/2) Waiting for limine-snapper-sync to finish...
:: Processing package changes...
installing ttf-jetbrains-mono...
:: Running post-transaction hooks...
(1/3) Arming ConditionNeedsUpdate...
(2/3) Updating fontconfig cache...
(3/3) Performing snapper post snapshots for the following configurations...
==> root: 93
resolving dependencies...
looking for conflicting packages...

Package (1)                    New Version  Net Change  Download Size

extra/ttf-jetbrains-mono-nerd  3.4.0-2      222.51 MiB      10.48 MiB

Total Download Size:    10.48 MiB
Total Installed Size:  222.51 MiB

:: Proceed with installation? [Y/n] 
:: Retrieving packages...
 ttf-jetbrains-mono-nerd-3.4.0-2-any downloading...
checking keyring...
checking package integrity...
loading package files...
checking for file conflicts...
checking available disk space...
:: Running pre-transaction hooks...
(1/2) Performing snapper pre snapshots for the following configurations...
==> root: 94
(2/2) Waiting for limine-snapper-sync to finish...
:: Processing package changes...
installing ttf-jetbrains-mono-nerd...
:: Running post-transaction hooks...
(1/3) Arming ConditionNeedsUpdate...
(2/3) Updating fontconfig cache...
(3/3) Performing snapper post snapshots for the following configurations...
==> root: 95
:: Resolving dependencies...
:: Calculating conflicts...
:: Calculating inner conflicts...

Aur (1)              Old Version  New Version    Make Only
aur/ttf-victor-mono               1.5.6-1        No

:: Proceed to review? [Y/n]: 

:: Downloading PKGBUILDs...
 (1/1) downloading: ttf-victor-mono-1.5.6-1
fetching devel info...
==> Making package: ttf-victor-mono 1.5.6-1 (2026年04月12日 星期日 02时58分32秒)
==> Retrieving sources...
  -> Downloading ttf-victor-mono-1.5.6.zip...
  % Total    % Received % Xferd  Average Speed  Time    Time    Time   Current
                                 Dload  Upload  Total   Spent   Left   Speed
  0      0   0      0   0      0      0      0                              0  0      0   0      0   0      0      0      0                              0  0      0   0      0   0      0      0      0           00:01              0  0      0   0      0   0      0      0      0           00:01              0
  0      0   0      0   0      0      0      0           00:01              0  0      0   0      0   0      0      0      0           00:01              0  0 24.04M   0   4940   0      0   2442      0 2:52:06   00:02 2:52:04   4923  2 24.04M   2 550.0k   0      0 170.1k      0   02:24   00:03   02:21 248.5k 33 24.04M  33  8.03M   0      0  1.83M      0   00:13   00:04   00:09  2.40M 84 24.04M  84 20.33M   0      0  3.77M      0   00:06   00:05   00:01  4.65M100 24.04M 100 24.04M   0      0  4.39M      0   00:05   00:05          4.65M100 24.04M 100 24.04M   0      0  4.39M      0   00:05   00:05          4.65M100 24.04M 100 24.04M   0      0  4.39M      0   00:05   00:05          4.65M
==> Validating source files with sha256sums...
    ttf-victor-mono-1.5.6.zip ... Passed
==> Making package: ttf-victor-mono 1.5.6-1 (2026年04月12日 星期日 02时58分38秒)
==> Checking runtime dependencies...
==> Checking buildtime dependencies...
==> Retrieving sources...
  -> Found ttf-victor-mono-1.5.6.zip
==> Validating source files with sha256sums...
    ttf-victor-mono-1.5.6.zip ... Passed
==> Removing existing $srcdir/ directory...
==> Extracting sources...
  -> Extracting ttf-victor-mono-1.5.6.zip with bsdtar
==> Starting prepare()...
==> Sources are ready.
ttf-victor-mono-1.5.6-1: parsing pkg list...
==> Making package: ttf-victor-mono 1.5.6-1 (2026年04月12日 星期日 02时58分40秒)
==> Checking runtime dependencies...
==> Checking buildtime dependencies...
==> WARNING: Using existing $srcdir/ tree
==> Entering fakeroot environment...
==> Starting package()...
==> Tidying install...
  -> Removing libtool files...
  -> Removing static library files...
  -> Purging unwanted files...
  -> Stripping unneeded symbols from binaries and libraries...
  -> Compressing man and info pages...
==> Checking for packaging issues...
==> Creating package "ttf-victor-mono"...
  -> Generating .PKGINFO file...
  -> Generating .BUILDINFO file...
  -> Generating .MTREE file...
  -> Compressing package...
==> Leaving fakeroot environment.
==> Finished making: ttf-victor-mono 1.5.6-1 (2026年04月12日 星期日 02时58分41秒)
==> Cleaning up...
loading packages...
resolving dependencies...
looking for conflicting packages...

Package (1)      New Version  Net Change

ttf-victor-mono  1.5.6-1        4.43 MiB

Total Installed Size:  4.43 MiB

:: Proceed with installation? [Y/n] 
checking keyring...
checking package integrity...
loading package files...
checking for file conflicts...
checking available disk space...
:: Running pre-transaction hooks...
(1/2) Performing snapper pre snapshots for the following configurations...
==> root: 96
(2/2) Waiting for limine-snapper-sync to finish...
:: Processing package changes...
installing ttf-victor-mono...
:: Running post-transaction hooks...
(1/3) Arming ConditionNeedsUpdate...
(2/3) Updating fontconfig cache...
(3/3) Performing snapper post snapshots for the following configurations...
==> root: 97
