resolving dependencies...
looking for conflicting packages...

Package (1)               New Version  Net Change  Download Size

cachyos-extra-v3/blueman  2.4.6-2.1      6.85 MiB       1.38 MiB

Total Download Size:   1.38 MiB
Total Installed Size:  6.85 MiB

:: Proceed with installation? [Y/n] 
:: Retrieving packages...
 blueman-2.4.6-2.1-x86_64_v3 downloading...
checking keyring...
checking package integrity...
loading package files...
checking for file conflicts...
checking available disk space...
:: Running pre-transaction hooks...
(1/2) Performing snapper pre snapshots for the following configurations...
==> root: 110
(2/2) Waiting for limine-snapper-sync to finish...
:: Processing package changes...
installing blueman...
Optional dependencies for blueman
    dnsmasq: Network Access Point (NAP) support [installed]
    iproute2: Network Access Point (NAP) support [installed]
    networkmanager: Dial Up Networking (DUN) and Personal Area Networking (PAN) support [installed]
    pulseaudio-bluetooth: audio devices support
:: Running post-transaction hooks...
(1/8) Reloading system manager configuration...
(2/8) Reloading user manager configuration...
(3/8) Arming ConditionNeedsUpdate...
(4/8) Reloading system bus configuration...
(5/8) Compiling GSettings XML schema files...
(6/8) Updating icon theme caches...
(7/8) Updating the desktop file MIME type cache...
(8/8) Performing snapper post snapshots for the following configurations...
==> root: 111
