resolving dependencies...
:: There are 4 providers available for qt6-multimedia-backend:
:: Repository cachyos-extra-v3
   1) qt6-multimedia-ffmpeg  2) qt6-multimedia-gstreamer
:: Repository extra
   3) qt6-multimedia-ffmpeg  4) qt6-multimedia-gstreamer

Enter a number (default=1): 
looking for conflicting packages...

Package (4)                             New Version  Net Change  Download Size

cachyos-extra-v3/hunspell               1.7.2-3.1      1.50 MiB       0.51 MiB
cachyos-extra-v3/qt6-multimedia         6.11.0-1.1     6.45 MiB       1.31 MiB
cachyos-extra-v3/qt6-multimedia-ffmpeg  6.11.0-1.1     2.76 MiB       0.54 MiB
cachyos-extra-v3/qt6-virtualkeyboard    6.11.0-1.1     6.11 MiB       2.45 MiB

Total Download Size:    4.81 MiB
Total Installed Size:  16.82 MiB

:: Proceed with installation? [Y/n] 
:: Retrieving packages...
 qt6-virtualkeyboard-6.11.0-1.1-x86_64_v3 downloading...
 qt6-multimedia-6.11.0-1.1-x86_64_v3 downloading...
 qt6-multimedia-ffmpeg-6.11.0-1.1-x86_64_v3 downloading...
 hunspell-1.7.2-3.1-x86_64_v3 downloading...
checking keyring...
checking package integrity...
loading package files...
checking for file conflicts...
checking available disk space...
:: Running pre-transaction hooks...
(1/2) Performing snapper pre snapshots for the following configurations...
==> root: 104
(2/2) Waiting for limine-snapper-sync to finish...
:: Processing package changes...
installing hunspell...
Optional dependencies for hunspell
    perl: for ispellaff2myspell [installed]
installing qt6-multimedia-ffmpeg...
installing qt6-multimedia...
Optional dependencies for qt6-multimedia
    qt6-declarative: QML bindings [installed]
    qt6-quick3d: for QtQuick3DAudio
installing qt6-virtualkeyboard...
:: Running post-transaction hooks...
(1/2) Arming ConditionNeedsUpdate...
(2/2) Performing snapper post snapshots for the following configurations...
==> root: 105
resolving dependencies...
looking for conflicting packages...

Package (2)                          New Version          Net Change  Download Size

cachyos-extra-v3/qt5-declarative     5.15.18+kde+r23-1.1   24.51 MiB       5.24 MiB
cachyos-extra-v3/qt5-quickcontrols2  5.15.18+kde+r5-1.1     8.72 MiB       1.55 MiB

Total Download Size:    6.79 MiB
Total Installed Size:  33.23 MiB

:: Proceed with installation? [Y/n] 
:: Retrieving packages...
 qt5-declarative-5.15.18+kde+r23-1.1-x86_64_v3 downloading...
 qt5-quickcontrols2-5.15.18+kde+r5-1.1-x86_64_v3 downloading...
error: failed retrieving file 'qt5-declarative-5.15.18+kde+r23-1.1-x86_64_v3.pkg.tar.zst' from mirror.nju.edu.cn : Connection timed out after 10002 milliseconds
error: failed retrieving file 'qt5-quickcontrols2-5.15.18+kde+r5-1.1-x86_64_v3.pkg.tar.zst' from mirror.nju.edu.cn : Connection timed out after 10003 milliseconds
checking keyring...
checking package integrity...
loading package files...
checking for file conflicts...
checking available disk space...
:: Running pre-transaction hooks...
(1/2) Performing snapper pre snapshots for the following configurations...
==> root: 106
(2/2) Waiting for limine-snapper-sync to finish...
:: Processing package changes...
installing qt5-declarative...
installing qt5-quickcontrols2...
Optional dependencies for qt5-quickcontrols2
    qt5-graphicaleffects: for the Material style
:: Running post-transaction hooks...
(1/2) Arming ConditionNeedsUpdate...
(2/2) Performing snapper post snapshots for the following configurations...
==> root: 107
resolving dependencies...
looking for conflicting packages...

Package (5)                           New Version  Net Change  Download Size

cachyos-extra-v3/libxmu               1.3.1-1.1      0.34 MiB       0.08 MiB
cachyos-extra-v3/xf86-input-libinput  1.5.0-1.2      0.11 MiB       0.05 MiB
cachyos-extra-v3/xorg-server          21.1.21-1.1    4.80 MiB       1.89 MiB
cachyos-extra-v3/xorg-xauth           1.1.5-1.1      0.05 MiB       0.02 MiB
cachyos-v3/sddm                       0.21.0-8       5.33 MiB       3.56 MiB

Total Download Size:    5.59 MiB
Total Installed Size:  10.63 MiB

:: Proceed with installation? [Y/n] 
:: Retrieving packages...
 sddm-0.21.0-8-x86_64_v3 downloading...
 xorg-server-21.1.21-1.1-x86_64_v3 downloading...
 libxmu-1.3.1-1.1-x86_64_v3 downloading...
 xf86-input-libinput-1.5.0-1.2-x86_64_v3 downloading...
 xorg-xauth-1.1.5-1.1-x86_64_v3 downloading...
checking keyring...
checking package integrity...
loading package files...
checking for file conflicts...
checking available disk space...
:: Running pre-transaction hooks...
(1/2) Performing snapper pre snapshots for the following configurations...
==> root: 108
(2/2) Waiting for limine-snapper-sync to finish...
:: Processing package changes...
installing xf86-input-libinput...
installing xorg-server...
>>> xorg-server has now the ability to run without root rights with
    the help of systemd-logind. xserver will fail to run if not launched
    from the same virtual terminal as was used to log in.
    Without root rights, log files will be in ~/.local/share/xorg/ directory.

    Old behavior can be restored through Xorg.wrap config file.
    See Xorg.wrap man page (man xorg.wrap).
installing libxmu...
installing xorg-xauth...
installing sddm...
Optional dependencies for sddm
    qt5-declarative: for using Qt5 themes [installed]
:: Running post-transaction hooks...
(1/6) Creating system user accounts...
Creating group 'sddm' with GID 960.
Creating user 'sddm' (SDDM Greeter Account) with UID 960 and GID 960.
(2/6) Creating temporary files...
(3/6) Reloading system manager configuration...
(4/6) Arming ConditionNeedsUpdate...
(5/6) Reloading system bus configuration...
(6/6) Performing snapper post snapshots for the following configurations...
==> root: 109
