resolving dependencies...
looking for conflicting packages...

Package (27)                          New Version       Net Change  Download Size

cachyos-extra-v3/aquamarine           0.10.0-4.1          1.25 MiB       0.38 MiB
cachyos-extra-v3/hyprcursor           0.1.13-5.1          0.70 MiB       0.22 MiB
cachyos-extra-v3/hyprgraphics         0.5.1-1.1           0.21 MiB       0.08 MiB
cachyos-extra-v3/hyprland-guiutils    0.2.1-3.1           0.72 MiB       0.16 MiB
cachyos-extra-v3/hyprtoolkit          0.5.3-2.1           1.37 MiB       0.39 MiB
cachyos-extra-v3/hyprwayland-scanner  0.4.5-1.1           0.22 MiB       0.09 MiB
cachyos-extra-v3/hyprwire             0.3.0-2.1           0.52 MiB       0.19 MiB
cachyos-extra-v3/libei                1.5.0-1.1           0.42 MiB       0.11 MiB
cachyos-extra-v3/libfontenc           1.1.9-1.1           0.04 MiB       0.02 MiB
cachyos-extra-v3/libliftoff           0.5.0-1.1           0.04 MiB       0.02 MiB
cachyos-extra-v3/libxcvt              0.1.3-1.1           0.04 MiB       0.01 MiB
cachyos-extra-v3/libxfont2            2.0.7-1.1           0.27 MiB       0.13 MiB
cachyos-extra-v3/libxkbfile           1.2.0-1.1           0.21 MiB       0.08 MiB
cachyos-extra-v3/libzip               1.11.4-1.2          0.49 MiB       0.26 MiB
cachyos-extra-v3/muparser             2.3.5-2.1           0.71 MiB       0.19 MiB
cachyos-extra-v3/pugixml              1.15-3.1            0.36 MiB       0.12 MiB
cachyos-extra-v3/re2                  2:2025.11.05-3.1    0.61 MiB       0.23 MiB
cachyos-extra-v3/seatd                0.9.3-1.1           0.11 MiB       0.04 MiB
extra/tomlplusplus                    3.4.0-2             0.85 MiB       0.17 MiB
extra/wayland-protocols               1.48-1              0.98 MiB       0.13 MiB
cachyos-extra-v3/xcb-util-errors      1.0.1-2.1           0.04 MiB       0.01 MiB
extra/xorg-fonts-encodings            1.1.0-2             0.61 MiB       0.56 MiB
cachyos-extra-v3/xorg-server-common   21.1.21-1.1         0.12 MiB       0.03 MiB
cachyos-extra-v3/xorg-setxkbmap       1.3.5-1.1           0.03 MiB       0.01 MiB
cachyos-extra-v3/xorg-xkbcomp         1.5.0-1.1           0.27 MiB       0.12 MiB
cachyos-extra-v3/xorg-xwayland        24.1.9-1.1          2.88 MiB       1.20 MiB
cachyos-extra-v3/hyprland             0.54.3-2.1         60.56 MiB      48.03 MiB

Total Download Size:   52.98 MiB
Total Installed Size:  74.66 MiB

:: Proceed with installation? [Y/n] 
:: Retrieving packages...
 hyprland-0.54.3-2.1-x86_64_v3 downloading...
 xorg-xwayland-24.1.9-1.1-x86_64_v3 downloading...
 xorg-fonts-encodings-1.1.0-2-any downloading...
 hyprtoolkit-0.5.3-2.1-x86_64_v3 downloading...
 aquamarine-0.10.0-4.1-x86_64_v3 downloading...
 libzip-1.11.4-1.2-x86_64_v3 downloading...
 re2-2:2025.11.05-3.1-x86_64_v3 downloading...
 hyprcursor-0.1.13-5.1-x86_64_v3 downloading...
 muparser-2.3.5-2.1-x86_64_v3 downloading...
 hyprwire-0.3.0-2.1-x86_64_v3 downloading...
 tomlplusplus-3.4.0-2-x86_64 downloading...
 hyprland-guiutils-0.2.1-3.1-x86_64_v3 downloading...
 wayland-protocols-1.48-1-any downloading...
 libxfont2-2.0.7-1.1-x86_64 downloading...
 pugixml-1.15-3.1-x86_64_v3 downloading...
 xorg-xkbcomp-1.5.0-1.1-x86_64_v3 downloading...
 libei-1.5.0-1.1-x86_64_v3 downloading...
 hyprwayland-scanner-0.4.5-1.1-x86_64_v3 downloading...
 libxkbfile-1.2.0-1.1-x86_64_v3 downloading...
 hyprgraphics-0.5.1-1.1-x86_64_v3 downloading...
 seatd-0.9.3-1.1-x86_64_v3 downloading...
 xorg-server-common-21.1.21-1.1-x86_64_v3 downloading...
 libliftoff-0.5.0-1.1-x86_64 downloading...
 libfontenc-1.1.9-1.1-x86_64_v3 downloading...
 xorg-setxkbmap-1.3.5-1.1-x86_64_v3 downloading...
 xcb-util-errors-1.0.1-2.1-x86_64 downloading...
 libxcvt-0.1.3-1.1-x86_64 downloading...
checking keyring...
checking package integrity...
loading package files...
checking for file conflicts...
checking available disk space...
:: Running pre-transaction hooks...
(1/2) Performing snapper pre snapshots for the following configurations...
==> root: 98
(2/2) Waiting for limine-snapper-sync to finish...
:: Processing package changes...
installing pugixml...
installing hyprwayland-scanner...
installing seatd...
installing wayland-protocols...
installing aquamarine...
installing libzip...
installing tomlplusplus...
installing hyprcursor...
installing hyprgraphics...
installing hyprtoolkit...
installing hyprland-guiutils...
installing hyprwire...
installing libliftoff...
installing muparser...
installing re2...
installing xcb-util-errors...
installing xorg-fonts-encodings...
installing libfontenc...
installing libxfont2...
installing libxkbfile...
installing xorg-xkbcomp...
installing xorg-setxkbmap...
installing xorg-server-common...
installing libxcvt...
installing libei...
installing xorg-xwayland...
installing hyprland...
Optional dependencies for hyprland
    cmake: to build and install plugins using hyprpm
    cpio: to build and install plugins using hyprpm
    glaze: to build and install plugins using hyprpm
    hyprland-protocols: to build and install plugins using hyprpm
    meson: to build and install plugins using hyprpm
    uwsm: an advanced way to start desktop compositors as systemd units
    xdg-desktop-portal-hyprland: xdg-desktop-portal backend for hyprland
:: Running post-transaction hooks...
(1/6) Creating system user accounts...
Creating group 'seat' with GID 961.
(2/6) Reloading system manager configuration...
(3/6) Arming ConditionNeedsUpdate...
(4/6) Updating fontconfig cache...
(5/6) Updating the desktop file MIME type cache...
(6/6) Performing snapper post snapshots for the following configurations...
==> root: 99
resolving dependencies...
looking for conflicting packages...

Package (2)                 New Version  Net Change  Download Size

cachyos-extra-v3/sdbus-cpp  2.2.1-1.1      0.89 MiB       0.24 MiB
cachyos-extra-v3/hypridle   0.1.7-8.1      0.26 MiB       0.10 MiB

Total Download Size:   0.34 MiB
Total Installed Size:  1.14 MiB

:: Proceed with installation? [Y/n] 
:: Retrieving packages...
 sdbus-cpp-2.2.1-1.1-x86_64_v3 downloading...
 hypridle-0.1.7-8.1-x86_64_v3 downloading...
checking keyring...
checking package integrity...
loading package files...
checking for file conflicts...
checking available disk space...
:: Running pre-transaction hooks...
(1/2) Performing snapper pre snapshots for the following configurations...
==> root: 100
(2/2) Waiting for limine-snapper-sync to finish...
:: Processing package changes...
installing sdbus-cpp...
installing hypridle...
:: Running post-transaction hooks...
(1/3) Reloading user manager configuration...
(2/3) Arming ConditionNeedsUpdate...
(3/3) Performing snapper post snapshots for the following configurations...
==> root: 101
resolving dependencies...
looking for conflicting packages...

Package (1)                New Version  Net Change  Download Size

cachyos-extra-v3/hyprlock  0.9.3-2.1      0.81 MiB       0.30 MiB

Total Download Size:   0.30 MiB
Total Installed Size:  0.81 MiB

:: Proceed with installation? [Y/n] 
:: Retrieving packages...
 hyprlock-0.9.3-2.1-x86_64_v3 downloading...
checking keyring...
checking package integrity...
loading package files...
checking for file conflicts...
checking available disk space...
:: Running pre-transaction hooks...
(1/2) Performing snapper pre snapshots for the following configurations...
==> root: 102
(2/2) Waiting for limine-snapper-sync to finish...
:: Processing package changes...
installing hyprlock...
:: Running post-transaction hooks...
(1/2) Arming ConditionNeedsUpdate...
(2/2) Performing snapper post snapshots for the following configurations...
==> root: 103
