resolving dependencies...
looking for conflicting packages...

Package (3)                                   New Version  Net Change  Download Size

cachyos-extra-v3/rtkit                        0.14-1.1       0.09 MiB       0.03 MiB
cachyos-extra-v3/xdg-desktop-portal           1.20.4-1.1     1.89 MiB       0.45 MiB
cachyos-extra-v3/xdg-desktop-portal-hyprland  1.3.11-4.1     0.68 MiB       0.25 MiB

Total Download Size:   0.74 MiB
Total Installed Size:  2.66 MiB

:: Proceed with installation? [Y/n] 
:: Retrieving packages...
 xdg-desktop-portal-1.20.4-1.1-x86_64_v3 downloading...
 xdg-desktop-portal-hyprland-1.3.11-4.1-x86_64_v3 downloading...
 rtkit-0.14-1.1-x86_64_v3 downloading...
checking keyring...
checking package integrity...
loading package files...
checking for file conflicts...
checking available disk space...
:: Running pre-transaction hooks...
(1/2) Performing snapper pre snapshots for the following configurations...
==> root: 122
(2/2) Waiting for limine-snapper-sync to finish...
:: Processing package changes...
installing rtkit...
installing xdg-desktop-portal...
Optional dependencies for xdg-desktop-portal
    geoclue: Geolocation portal
    xdg-desktop-portal-impl: Portal backends [pending]
installing xdg-desktop-portal-hyprland...
Optional dependencies for xdg-desktop-portal-hyprland
    grim: required for the screenshot portal to function [installed]
    slurp: support for interactive mode for the screenshot portal [installed]
:: Running post-transaction hooks...
(1/6) Creating system user accounts...
Creating group 'rtkit' with GID 959.
Creating user 'rtkit' (RealtimeKit) with UID 959 and GID 959.
(2/6) Reloading system manager configuration...
(3/6) Reloading user manager configuration...
(4/6) Arming ConditionNeedsUpdate...
(5/6) Reloading system bus configuration...
(6/6) Performing snapper post snapshots for the following configurations...
==> root: 123
resolving dependencies...
looking for conflicting packages...

Package (1)                              New Version  Net Change  Download Size

cachyos-extra-v3/xdg-desktop-portal-gtk  1.15.3-1.1     0.43 MiB       0.11 MiB

Total Download Size:   0.11 MiB
Total Installed Size:  0.43 MiB

:: Proceed with installation? [Y/n] 
:: Retrieving packages...
 xdg-desktop-portal-gtk-1.15.3-1.1-x86_64_v3 downloading...
checking keyring...
checking package integrity...
loading package files...
checking for file conflicts...
checking available disk space...
:: Running pre-transaction hooks...
(1/2) Performing snapper pre snapshots for the following configurations...
==> root: 124
(2/2) Waiting for limine-snapper-sync to finish...
:: Processing package changes...
installing xdg-desktop-portal-gtk...
Optional dependencies for xdg-desktop-portal-gtk
    evince: Print preview
:: Running post-transaction hooks...
(1/4) Reloading user manager configuration...
(2/4) Arming ConditionNeedsUpdate...
(3/4) Updating the desktop file MIME type cache...
(4/4) Performing snapper post snapshots for the following configurations...
==> root: 125
resolving dependencies...
looking for conflicting packages...

Package (1)                New Version  Net Change  Download Size

cachyos-extra-v3/umockdev  0.19.2-1.1     0.67 MiB       0.15 MiB

Total Download Size:   0.15 MiB
Total Installed Size:  0.67 MiB

:: Proceed with installation? [Y/n] 
:: Retrieving packages...
 umockdev-0.19.2-1.1-x86_64_v3 downloading...
checking keyring...
checking package integrity...
loading package files...
checking for file conflicts...
checking available disk space...
:: Running pre-transaction hooks...
(1/2) Performing snapper pre snapshots for the following configurations...
==> root: 126
(2/2) Waiting for limine-snapper-sync to finish...
:: Processing package changes...
installing umockdev...
:: Running post-transaction hooks...
(1/2) Arming ConditionNeedsUpdate...
(2/2) Performing snapper post snapshots for the following configurations...
==> root: 127
